diag-db.ts(24,2): error TS1434: Unexpected keyword or identifier.
diag-db.ts(24,14): error TS1109: Expression expected.
